# Host netcat server
$ nc -l 127.0.0.1 -p 4242 -v -k

# Error
$ sudo ./ft_nmap scanme.org 4242
$ sudo nmap -p 4242 scanme.org
--------------------------------
Should be filtered

# Filter a port
$ sudo /sbin/iptables -A INPUT -p tcp --destination-port 4241 -j DROP

# SYN scan timeout
$ grep -nr "select" notes/strace.txt
select(5, [4], [4], [4], {tv_sec=1, tv_usec=533000})

# destination display before exiting
# leak g_data.destination in ft_strdup->parse_nmap_options

# match nmap port state when invalid packet
